[0.013s] Invoking command in '/home/ubuntu/ros2course/ch2-2-defining-messages/build/example_messages': CMAKE_PREFIX_PATH=${CMAKE_PREFIX_PATH}:/home/ubuntu/ros2course/ch2-1-creating-nodes/ros2-node-test-workspace/install/ros2-sample-package-python:/opt/ros/jazzy /usr/bin/cmake /home/ubuntu/ros2course/ch2-2-defining-messages/example_messages -DCMAKE_INSTALL_PREFIX=/home/ubuntu/ros2course/ch2-2-defining-messages/install/example_messages
[0.141s] -- The C compiler identification is GNU 13.3.0
[0.242s] -- The CXX compiler identification is GNU 13.3.0
[0.270s] -- Detecting C compiler ABI info
[0.471s] -- Detecting C compiler ABI info - done
[0.480s] -- Check for working C compiler: /usr/bin/cc - skipped
[0.480s] -- Detecting C compile features
[0.481s] -- Detecting C compile features - done
[0.490s] -- Detecting CXX compiler ABI info
[0.603s] -- Detecting CXX compiler ABI info - done
[0.613s] -- Check for working CXX compiler: /usr/bin/c++ - skipped
[0.614s] -- Detecting CXX compile features
[0.615s] -- Detecting CXX compile features - done
[0.621s] -- Found ament_cmake: 2.5.4 (/opt/ros/jazzy/share/ament_cmake/cmake)
[0.810s] -- Found Python3: /usr/bin/python3 (found version "3.12.3") found components: Interpreter 
[0.973s] -- Found rosidl_default_generators: 1.6.0 (/opt/ros/jazzy/share/rosidl_default_generators/cmake)
[0.983s] -- Using all available rosidl_typesupport_c: rosidl_typesupport_fastrtps_c;rosidl_typesupport_introspection_c
[1.064s] -- Using all available rosidl_typesupport_cpp: rosidl_typesupport_fastrtps_cpp;rosidl_typesupport_introspection_cpp
[1.133s] -- Found rosidl_adapter: 4.6.6 (/opt/ros/jazzy/share/rosidl_adapter/cmake)
[1.137s] [31mCMake Error at /opt/ros/jazzy/share/rosidl_cmake/cmake/rosidl_generate_interfaces.cmake:95 (message):
[1.137s]   rosidl_generate_interfaces() the passed file 'msg/ExampleNumbers.msg'
[1.137s]   doesn't exist relative to the CMAKE_CURRENT_SOURCE_DIR
[1.137s]   '/home/ubuntu/ros2course/ch2-2-defining-messages/example_messages'
[1.137s] Call Stack (most recent call first):
[1.137s]   CMakeLists.txt:16 (rosidl_generate_interfaces)
[1.137s] 
[1.137s] [0m
[1.137s] -- Configuring incomplete, errors occurred!
[1.144s] Invoked command in '/home/ubuntu/ros2course/ch2-2-defining-messages/build/example_messages' returned '1': CMAKE_PREFIX_PATH=${CMAKE_PREFIX_PATH}:/home/ubuntu/ros2course/ch2-1-creating-nodes/ros2-node-test-workspace/install/ros2-sample-package-python:/opt/ros/jazzy /usr/bin/cmake /home/ubuntu/ros2course/ch2-2-defining-messages/example_messages -DCMAKE_INSTALL_PREFIX=/home/ubuntu/ros2course/ch2-2-defining-messages/install/example_messages
