[0.172s] DEBUG:colcon:Command line arguments: ['/usr/bin/colcon', 'build', '--packages-select', 'example_messages']
[0.172s] DEBUG:colcon:Parsed command line arguments: Namespace(log_base=None, log_level=None, verb_name='build', build_base='build', install_base='install', merge_install=False, symlink_install=False, test_result_base=None, continue_on_error=False, executor='parallel', parallel_workers=8, event_handlers=None, ignore_user_meta=False, metas=['./colcon.meta'], base_paths=['.'], packages_ignore=None, packages_ignore_regex=None, paths=None, packages_up_to=None, packages_up_to_regex=None, packages_above=None, packages_above_and_dependencies=None, packages_above_depth=None, packages_select_by_dep=None, packages_skip_by_dep=None, packages_skip_up_to=None, packages_select_build_failed=False, packages_skip_build_finished=False, packages_select_test_failures=False, packages_skip_test_passed=False, packages_select=['example_messages'], packages_skip=None, packages_select_regex=None, packages_skip_regex=None, packages_start=None, packages_end=None, cmake_args=None, cmake_target=None, cmake_target_skip_unavailable=False, cmake_clean_cache=False, cmake_clean_first=False, cmake_force_configure=False, ament_cmake_args=None, catkin_cmake_args=None, catkin_skip_building_tests=False, mixin_files=None, mixin=None, verb_parser=<colcon_mixin.mixin.mixin_argument.MixinArgumentDecorator object at 0x7fcbb4125070>, verb_extension=<colcon_core.verb.build.BuildVerb object at 0x7fcbb4124d70>, main=<bound method BuildVerb.main of <colcon_core.verb.build.BuildVerb object at 0x7fcbb4124d70>>, mixin_verb=('build',))
[0.218s] Level 1:colcon.colcon_core.package_discovery:discover_packages(colcon_meta) check parameters
[0.218s] Level 1:colcon.colcon_core.package_discovery:discover_packages(recursive) check parameters
[0.218s] Level 1:colcon.colcon_core.package_discovery:discover_packages(ignore) check parameters
[0.218s] Level 1:colcon.colcon_core.package_discovery:discover_packages(path) check parameters
[0.218s] Level 1:colcon.colcon_core.package_discovery:discover_packages(colcon_meta) discover
[0.218s] Level 1:colcon.colcon_core.package_discovery:discover_packages(recursive) discover
[0.218s] INFO:colcon.colcon_core.package_discovery:Crawling recursively for packages in '/home/ubuntu/ros2course/ch2-2-defining-messages'
[0.218s] Level 1:colcon.colcon_core.package_identification:_identify(.) by extensions ['ignore', 'ignore_ament_install']
[0.218s] Level 1:colcon.colcon_core.package_identification:_identify(.) by extension 'ignore'
[0.218s] Level 1:colcon.colcon_core.package_identification:_identify(.) by extension 'ignore_ament_install'
[0.218s] Level 1:colcon.colcon_core.package_identification:_identify(.) by extensions ['colcon_pkg']
[0.218s] Level 1:colcon.colcon_core.package_identification:_identify(.) by extension 'colcon_pkg'
[0.219s] Level 1:colcon.colcon_core.package_identification:_identify(.) by extensions ['colcon_meta']
[0.219s] Level 1:colcon.colcon_core.package_identification:_identify(.) by extension 'colcon_meta'
[0.219s] Level 1:colcon.colcon_core.package_identification:_identify(.) by extensions ['ros']
[0.219s] Level 1:colcon.colcon_core.package_identification:_identify(.) by extension 'ros'
[0.245s] Level 1:colcon.colcon_core.package_identification:_identify(.) by extensions ['cmake', 'python']
[0.245s] Level 1:colcon.colcon_core.package_identification:_identify(.) by extension 'cmake'
[0.245s] Level 1:colcon.colcon_core.package_identification:_identify(.) by extension 'python'
[0.245s] Level 1:colcon.colcon_core.package_identification:_identify(.) by extensions ['python_setup_py']
[0.245s] Level 1:colcon.colcon_core.package_identification:_identify(.) by extension 'python_setup_py'
[0.245s] Level 1:colcon.colcon_core.package_identification:_identify(build) by extensions ['ignore', 'ignore_ament_install']
[0.245s] Level 1:colcon.colcon_core.package_identification:_identify(build) by extension 'ignore'
[0.245s] Level 1:colcon.colcon_core.package_identification:_identify(build) ignored
[0.245s] Level 1:colcon.colcon_core.package_identification:_identify(example_messages) by extensions ['ignore', 'ignore_ament_install']
[0.245s] Level 1:colcon.colcon_core.package_identification:_identify(example_messages) by extension 'ignore'
[0.245s] Level 1:colcon.colcon_core.package_identification:_identify(example_messages) by extension 'ignore_ament_install'
[0.245s] Level 1:colcon.colcon_core.package_identification:_identify(example_messages) by extensions ['colcon_pkg']
[0.245s] Level 1:colcon.colcon_core.package_identification:_identify(example_messages) by extension 'colcon_pkg'
[0.245s] Level 1:colcon.colcon_core.package_identification:_identify(example_messages) by extensions ['colcon_meta']
[0.245s] Level 1:colcon.colcon_core.package_identification:_identify(example_messages) by extension 'colcon_meta'
[0.246s] Level 1:colcon.colcon_core.package_identification:_identify(example_messages) by extensions ['ros']
[0.246s] Level 1:colcon.colcon_core.package_identification:_identify(example_messages) by extension 'ros'
[0.248s] DEBUG:colcon.colcon_core.package_identification:Package 'example_messages' with type 'ros.ament_cmake' and name 'example_messages'
[0.248s] Level 1:colcon.colcon_core.package_identification:_identify(install) by extensions ['ignore', 'ignore_ament_install']
[0.248s] Level 1:colcon.colcon_core.package_identification:_identify(install) by extension 'ignore'
[0.248s] Level 1:colcon.colcon_core.package_identification:_identify(install) ignored
[0.248s] Level 1:colcon.colcon_core.package_identification:_identify(log) by extensions ['ignore', 'ignore_ament_install']
[0.249s] Level 1:colcon.colcon_core.package_identification:_identify(log) by extension 'ignore'
[0.249s] Level 1:colcon.colcon_core.package_identification:_identify(log) ignored
[0.249s] Level 1:colcon.colcon_core.package_discovery:discover_packages(recursive) using defaults
[0.249s] Level 1:colcon.colcon_core.package_discovery:discover_packages(ignore) discover
[0.249s] Level 1:colcon.colcon_core.package_discovery:discover_packages(ignore) using defaults
[0.249s] Level 1:colcon.colcon_core.package_discovery:discover_packages(path) discover
[0.249s] Level 1:colcon.colcon_core.package_discovery:discover_packages(path) using defaults
[0.272s] Level 5:colcon.colcon_core.verb:set package 'example_messages' build argument 'cmake_args' from command line to 'None'
[0.272s] Level 5:colcon.colcon_core.verb:set package 'example_messages' build argument 'cmake_target' from command line to 'None'
[0.272s] Level 5:colcon.colcon_core.verb:set package 'example_messages' build argument 'cmake_target_skip_unavailable' from command line to 'False'
[0.272s] Level 5:colcon.colcon_core.verb:set package 'example_messages' build argument 'cmake_clean_cache' from command line to 'False'
[0.272s] Level 5:colcon.colcon_core.verb:set package 'example_messages' build argument 'cmake_clean_first' from command line to 'False'
[0.272s] Level 5:colcon.colcon_core.verb:set package 'example_messages' build argument 'cmake_force_configure' from command line to 'False'
[0.272s] Level 5:colcon.colcon_core.verb:set package 'example_messages' build argument 'ament_cmake_args' from command line to 'None'
[0.272s] Level 5:colcon.colcon_core.verb:set package 'example_messages' build argument 'catkin_cmake_args' from command line to 'None'
[0.272s] Level 5:colcon.colcon_core.verb:set package 'example_messages' build argument 'catkin_skip_building_tests' from command line to 'False'
[0.272s] DEBUG:colcon.colcon_core.verb:Building package 'example_messages' with the following arguments: {'ament_cmake_args': None, 'build_base': '/home/ubuntu/ros2course/ch2-2-defining-messages/build/example_messages', 'catkin_cmake_args': None, 'catkin_skip_building_tests': False, 'cmake_args': None, 'cmake_clean_cache': False, 'cmake_clean_first': False, 'cmake_force_configure': False, 'cmake_target': None, 'cmake_target_skip_unavailable': False, 'install_base': '/home/ubuntu/ros2course/ch2-2-defining-messages/install/example_messages', 'merge_install': False, 'path': '/home/ubuntu/ros2course/ch2-2-defining-messages/example_messages', 'symlink_install': False, 'test_result_base': None}
[0.273s] INFO:colcon.colcon_core.executor:Executing jobs using 'parallel' executor
[0.274s] DEBUG:colcon.colcon_parallel_executor.executor.parallel:run_until_complete
[0.274s] INFO:colcon.colcon_ros.task.ament_cmake.build:Building ROS package in '/home/ubuntu/ros2course/ch2-2-defining-messages/example_messages' with build type 'ament_cmake'
[0.274s] INFO:colcon.colcon_cmake.task.cmake.build:Building CMake package in '/home/ubuntu/ros2course/ch2-2-defining-messages/example_messages'
[0.276s] INFO:colcon.colcon_core.plugin_system:Skipping extension 'colcon_core.shell.bat': Not used on non-Windows systems
[0.277s] INFO:colcon.colcon_core.shell:Skip shell extension 'powershell' for command environment: Not usable outside of PowerShell
[0.277s] DEBUG:colcon.colcon_core.shell:Skip shell extension 'dsv' for command environment
[0.288s] DEBUG:colcon.colcon_core.event_handler.log_command:Invoking command in '/home/ubuntu/ros2course/ch2-2-defining-messages/build/example_messages': CMAKE_PREFIX_PATH=${CMAKE_PREFIX_PATH}:/home/ubuntu/ros2course/ch2-1-creating-nodes/ros2-node-test-workspace/install/ros2-sample-package-python:/opt/ros/jazzy /usr/bin/cmake /home/ubuntu/ros2course/ch2-2-defining-messages/example_messages -DCMAKE_INSTALL_PREFIX=/home/ubuntu/ros2course/ch2-2-defining-messages/install/example_messages
[1.419s] DEBUG:colcon.colcon_core.event_handler.log_command:Invoked command in '/home/ubuntu/ros2course/ch2-2-defining-messages/build/example_messages' returned '1': CMAKE_PREFIX_PATH=${CMAKE_PREFIX_PATH}:/home/ubuntu/ros2course/ch2-1-creating-nodes/ros2-node-test-workspace/install/ros2-sample-package-python:/opt/ros/jazzy /usr/bin/cmake /home/ubuntu/ros2course/ch2-2-defining-messages/example_messages -DCMAKE_INSTALL_PREFIX=/home/ubuntu/ros2course/ch2-2-defining-messages/install/example_messages
[1.431s] Level 1:colcon.colcon_core.environment:create_environment_scripts_only(example_messages)
[1.435s] Level 1:colcon.colcon_core.environment:checking '/home/ubuntu/ros2course/ch2-2-defining-messages/install/example_messages' for CMake module files
[1.436s] Level 1:colcon.colcon_core.environment:checking '/home/ubuntu/ros2course/ch2-2-defining-messages/install/example_messages' for CMake config files
[1.436s] Level 1:colcon.colcon_core.environment:checking '/home/ubuntu/ros2course/ch2-2-defining-messages/install/example_messages/bin'
[1.436s] Level 1:colcon.colcon_core.environment:checking '/home/ubuntu/ros2course/ch2-2-defining-messages/install/example_messages/lib/pkgconfig/example_messages.pc'
[1.438s] Level 1:colcon.colcon_core.environment:checking '/home/ubuntu/ros2course/ch2-2-defining-messages/install/example_messages/lib/python3.12/site-packages'
[1.438s] Level 1:colcon.colcon_core.environment:checking '/home/ubuntu/ros2course/ch2-2-defining-messages/install/example_messages/bin'
[1.438s] INFO:colcon.colcon_core.shell:Creating package script '/home/ubuntu/ros2course/ch2-2-defining-messages/install/example_messages/share/example_messages/package.ps1'
[1.440s] INFO:colcon.colcon_core.shell:Creating package descriptor '/home/ubuntu/ros2course/ch2-2-defining-messages/install/example_messages/share/example_messages/package.dsv'
[1.440s] INFO:colcon.colcon_core.shell:Creating package script '/home/ubuntu/ros2course/ch2-2-defining-messages/install/example_messages/share/example_messages/package.sh'
[1.441s] INFO:colcon.colcon_core.shell:Creating package script '/home/ubuntu/ros2course/ch2-2-defining-messages/install/example_messages/share/example_messages/package.bash'
[1.442s] INFO:colcon.colcon_core.shell:Creating package script '/home/ubuntu/ros2course/ch2-2-defining-messages/install/example_messages/share/example_messages/package.zsh'
[1.443s] Level 1:colcon.colcon_core.environment:create_file_with_runtime_dependencies(/home/ubuntu/ros2course/ch2-2-defining-messages/install/example_messages/share/colcon-core/packages/example_messages)
[1.454s] DEBUG:colcon.colcon_parallel_executor.executor.parallel:closing loop
[1.455s] DEBUG:colcon.colcon_parallel_executor.executor.parallel:loop closed
[1.455s] DEBUG:colcon.colcon_parallel_executor.executor.parallel:run_until_complete finished with '1'
[1.455s] DEBUG:colcon.colcon_core.event_reactor:joining thread
[1.467s] INFO:colcon.colcon_core.plugin_system:Skipping extension 'colcon_notification.desktop_notification.notify_send': Could not find 'notify-send'
[1.467s] INFO:colcon.colcon_core.plugin_system:Skipping extension 'colcon_notification.desktop_notification.terminal_notifier': Not used on non-Darwin systems
[1.467s] INFO:colcon.colcon_core.plugin_system:Skipping extension 'colcon_notification.desktop_notification.win32': Not used on non-Windows systems
[1.467s] INFO:colcon.colcon_notification.desktop_notification:Sending desktop notification using 'notify2'
[1.470s] DEBUG:colcon.colcon_notification.desktop_notification.notify2:Failed to initialize notify2: org.freedesktop.DBus.Error.Spawn.ExecFailed: /usr/bin/dbus-launch terminated abnormally without any error message
[1.471s] DEBUG:colcon.colcon_core.event_reactor:joined thread
[1.472s] INFO:colcon.colcon_core.shell:Creating prefix script '/home/ubuntu/ros2course/ch2-2-defining-messages/install/local_setup.ps1'
[1.476s] INFO:colcon.colcon_core.shell:Creating prefix util module '/home/ubuntu/ros2course/ch2-2-defining-messages/install/_local_setup_util_ps1.py'
[1.478s] INFO:colcon.colcon_core.shell:Creating prefix chain script '/home/ubuntu/ros2course/ch2-2-defining-messages/install/setup.ps1'
[1.483s] INFO:colcon.colcon_core.shell:Creating prefix script '/home/ubuntu/ros2course/ch2-2-defining-messages/install/local_setup.sh'
[1.486s] INFO:colcon.colcon_core.shell:Creating prefix util module '/home/ubuntu/ros2course/ch2-2-defining-messages/install/_local_setup_util_sh.py'
[1.488s] INFO:colcon.colcon_core.shell:Creating prefix chain script '/home/ubuntu/ros2course/ch2-2-defining-messages/install/setup.sh'
[1.490s] INFO:colcon.colcon_core.shell:Creating prefix script '/home/ubuntu/ros2course/ch2-2-defining-messages/install/local_setup.bash'
[1.490s] INFO:colcon.colcon_core.shell:Creating prefix chain script '/home/ubuntu/ros2course/ch2-2-defining-messages/install/setup.bash'
[1.492s] INFO:colcon.colcon_core.shell:Creating prefix script '/home/ubuntu/ros2course/ch2-2-defining-messages/install/local_setup.zsh'
[1.492s] INFO:colcon.colcon_core.shell:Creating prefix chain script '/home/ubuntu/ros2course/ch2-2-defining-messages/install/setup.zsh'
